// Jest Snapshot v1, https://goo.gl/fbAQLP

exports[`Settings renders with strange characters in display name 1`] = `
<div>
  <div
    class="sc-bdVaJa jNsmtV"
    id="db-settings"
  >
    <h4
      class="sc-bwzfXH cHdqNz"
    >
      Browser Settings
    </h4>
    <div
      class="sc-bZQynM jzFffY"
    >
      <div
        class="sc-ifAKCX gXIdDM"
      >
        <div
          class="sc-EHOje fyzZhj"
        >
          <h5
            class="sc-bxivhb gjWjEn"
          >
            Test åäö settings
          </h5>
          <div
            class="sc-Rmtcm flHfnE"
          >
            <label
              class="sc-bRBYWo doBToT"
              title=""
            >
              åäö üüü
              <input
                class="sc-jhAzac eBGTid testSetting"
                data-testid="setting-testSetting"
                title=""
                value="true"
              />
            </label>
          </div>
          <h5
            class="sc-bxivhb gjWjEn"
          >
            Product Analytics
          </h5>
        </div>
        <div
          class="sc-EHOje fyzZhj"
        />
      </div>
    </div>
  </div>
</div>
`;
